[09:36:26.727] [32mINFO[39m (12356): [36mServer listening[39m
    [35mport[39m: 5100
[09:36:40.840] [32mINFO[39m (12356): [36mrequest completed[39m
    [35mreq[39m: {
      "id": 1,
      "method": "POST",
      "url": "/api/admin/login"
    }
    [35mres[39m: {
      "statusCode": 200
    }
    [35mresponseTime[39m: 16
[09:36:42.301] [32mINFO[39m (12356): [36mrequest completed[39m
    [35mreq[39m: {
      "id": 2,
      "method": "POST",
      "url": "/api/sync-pimsvina/preview"
    }
    [35mres[39m: {
      "statusCode": 200
    }
    [35mresponseTime[39m: 1454
[09:36:45.848] [32mINFO[39m (12356): [36mrequest completed[39m
    [35mreq[39m: {
      "id": 3,
      "method": "POST",
      "url": "/api/sync-pimsvina/confirm"
    }
    [35mres[39m: {
      "statusCode": 200
    }
    [35mresponseTime[39m: 3399
[09:37:03.549] [32mINFO[39m (12356): [36mrequest completed[39m
    [35mreq[39m: {
      "id": 4,
      "method": "POST",
      "url": "/api/admin/login"
    }
    [35mres[39m: {
      "statusCode": 200
    }
    [35mresponseTime[39m: 2
[09:37:05.288] [32mINFO[39m (12356): [36mrequest completed[39m
    [35mreq[39m: {
      "id": 5,
      "method": "POST",
      "url": "/api/sync-pimsvina/preview"
    }
    [35mres[39m: {
      "statusCode": 200
    }
    [35mresponseTime[39m: 1730
[09:56:53.926] [32mINFO[39m (12356): [36mrequest completed[39m
    [35mreq[39m: {
      "id": 8,
      "method": "GET",
      "url": "/api/salescost/sites"
    }
    [35mres[39m: {
      "statusCode": 304
    }
    [35mresponseTime[39m: 83
[09:56:53.935] [32mINFO[39m (12356): [36mrequest completed[39m
    [35mreq[39m: {
      "id": 9,
      "method": "GET",
      "url": "/api/salescost/sites"
    }
    [35mres[39m: {
      "statusCode": 304
    }
    [35mresponseTime[39m: 88
[09:56:53.942] [32mINFO[39m (12356): [36mrequest completed[39m
    [35mreq[39m: {
      "id": 7,
      "method": "GET",
      "url": "/api/mgmtreport/summary"
    }
    [35mres[39m: {
      "statusCode": 304
    }
    [35mresponseTime[39m: 101
[09:56:53.964] [32mINFO[39m (12356): [36mrequest completed[39m
    [35mreq[39m: {
      "id": 6,
      "method": "GET",
      "url": "/api/mgmtreport/projects"
    }
    [35mres[39m: {
      "statusCode": 200
    }
    [35mresponseTime[39m: 127
[09:56:54.147] [32mINFO[39m (12356): [36mrequest completed[39m
    [35mreq[39m: {
      "id": 11,
      "method": "GET",
      "url": "/api/mgmtreport/comments"
    }
    [35mres[39m: {
      "statusCode": 304
    }
    [35mresponseTime[39m: 7
[09:56:54.162] [32mINFO[39m (12356): [36mrequest completed[39m
    [35mreq[39m: {
      "id": 10,
      "method": "GET",
      "url": "/api/cashflow/aggregate"
    }
    [35mres[39m: {
      "statusCode": 304
    }
    [35mresponseTime[39m: 24
[09:56:54.273] [32mINFO[39m (12356): [36mrequest completed[39m
    [35mreq[39m: {
      "id": 12,
      "method": "GET",
      "url": "/api/mgmtreport/comments"
    }
    [35mres[39m: {
      "statusCode": 200
    }
    [35mresponseTime[39m: 8
[09:56:54.292] [32mINFO[39m (12356): [36mrequest completed[39m
    [35mreq[39m: {
      "id": 13,
      "method": "GET",
      "url": "/api/fxrates/history"
    }
    [35mres[39m: {
      "statusCode": 304
    }
    [35mresponseTime[39m: 26
[09:56:54.750] [32mINFO[39m (12356): [36mrequest completed[39m
    [35mreq[39m: {
      "id": 14,
      "method": "GET",
      "url": "/api/fxrates"
    }
    [35mres[39m: {
      "statusCode": 304
    }
    [35mresponseTime[39m: 483
[09:56:54.880] [32mINFO[39m (12356): [36mrequest completed[39m
    [35mreq[39m: {
      "id": 15,
      "method": "GET",
      "url": "/api/mgmtreport/comments"
    }
    [35mres[39m: {
      "statusCode": 304
    }
    [35mresponseTime[39m: 7
[09:56:54.882] [32mINFO[39m (12356): [36mrequest completed[39m
    [35mreq[39m: {
      "id": 16,
      "method": "GET",
      "url": "/api/mgmtreport/comments"
    }
    [35mres[39m: {
      "statusCode": 304
    }
    [35mresponseTime[39m: 7
